0 136
1 122
2 97
3 121
4 122
5 117
6 123
7 114
8 103
9 121
A 115
B 121
C 136
D 130
E 115
F 126
G 130
H 134
I 109
J 130
K 107
L 112
M 117
N 114
O 127
P 123
Q 118
R 114
S 120
T 109
U 108
V 107
W 116
X 120
Y 135
Z 118
_ 120
a 136
b 127
c 111
d 121
e 118
f 131
g 118
h 121
i 115
j 125
k 132
l 135
m 142
n 134
o 114
p 125
q 126
r 115
s 109
t 132
u 120
v 105
w 112
x 121
y 97
z 107
