0 20
1 18
2 5
3 15
4 6
5 21
6 19
7 18
8 9
9 13
A 18
B 13
C 16
D 5
E 10
F 15
G 14
H 7
I 11
J 18
K 18
L 13
M 14
N 13
O 15
P 14
Q 12
R 12
S 14
T 15
U 19
V 14
W 10
X 14
Y 11
Z 16
_ 13
a 14
b 13
c 9
d 12
e 13
f 5
g 15
h 11
i 14
j 14
k 14
l 16
m 16
n 9
o 13
p 13
q 15
r 12
s 20
t 14
u 5
v 17
w 14
x 14
y 10
z 11
