(((((H,a),(((t,(i,p)),G),h)),(((b,u),(D,((q,(Y,l)),(L,Q)))),(W,g))),(((J,7),(f,F)),(((M,O),C),(k,I)))),((((_,6),((v,((R,n),j)),9)),((y,d),(A,e))),((((T,V),S),(0,E)),((P,r),(((c,x),3),K)))));
