(((((A,U),(k,((S,W),M))),((5,g),(j,((q,m),Y)))),(((1,6),(H,r)),((K,x),((F,c),E)))),((((e,(h,(0,B))),(X,Z)),((o,((J,b),D)),((((9,_),t),7),(I,O)))),((((R,3),(y,(u,(V,4)))),((C,P),(N,(T,(G,l))))),(((d,v),((z,((s,((f,n),p)),Q)),8)),((i,w),(2,(L,a)))))));
