((((((O,(C,Y)),R),(X,k)),((H,K),(o,Q))),(((u,a),((9,(S,(1,M))),F)),((I,x),(3,Z)))),((((e,(d,l)),((((s,(z,r)),8),J),4)),((W,f),((c,N),0))),(((i,(j,h)),(T,_)),((((m,(P,6)),q),(y,(E,b))),((G,U),(v,(p,7)))))));
