(((d,(x,h)),(((V,7),9),((t,((6,i),f)),O))),(((a,(T,k)),(S,r)),((Q,g),(((z,I),3),4))));
