((((v,6),(i,p)),(((2,T),((n,q),(0,W))),(x,U))),(((3,S),(((((4,L),K),w),c),5)),((l,(V,(X,(F,Y)))),((o,y),(7,P)))));
