KUXTXm9B5rZJB3JUTTSeRvf90w0LxZvVlZZJniLX2bhJWdeyfHUMtbhVZ0FWvfrWL72iu3SJyTwu7jXKtJ8GphGtZ0rJ02sIAWuLGqxKF0Qn7JtMgFRdU8XWCnqyZj_yWy0NUbhALvCua5LZKQuxKNrFn0P5NmFd9q7FNE9uX7WdlxGJ0eGdpEWLXqXu3TjN_ln_br5QSGFXyvwEglAaNTHEwrWldUlIv9aI9tVj8Z28x0iyCWF5yKtAe70I2hxGllSdis3GwPWAt0hJZ8yH3_hwiTKfijZ0rgNwJeCnBFgjQgwH95XWwWj9yAPJMu23HafwLa8Gwxr_VxE2F_5rMt9_Q5tTHrPrgrPWEQfZbIEMEtRUG59IJFs8GB7QRTNJj3Rq0mxdRNfJMnAyV8MhZSHhJXBfvxZfXN5tSn5nbhJhiQWN_nhpIgEpCqUWAKVJZwwljVBNluFB7S5fe93U2bQ0VastGdZvqZMUN2fLNFavfM7RGHK_qJfeZnKdCwxM02f0bUJiFyXAGidxwdLRT3r7hq2NtWGwAqJQHhte7fIwJMCatqsTNCfKhP5bHg0yhGxyUnlVU_QQsXwlKIbjAtiQZxQhjNqnmfB3Rmuj7Stqt55rnGR7tSw9ZuUUIWJm3v2yJiiTbXnj0TGhhHdPwG25hSpCXrgbNjam9p9ItAUa3eZ7nQQ7ddW29uggJArLEsgW3ffC2pmaBwf9ySnVflEB8VU2ZsprnjKEMByRbfFdm8byy_0_sbLFyJxTdGBjiN7d3WSsvffFVZA5q2fZayG2FjQLBV9tmnRmG_lmfpqTfVVNEBFtsWjSmr0XVn3y3Jh82Jh00puZFUtwt0nbR90mnNfeACLBWlP7CFKUPxFBhlaSuxN83PsjMfsG3A9K_8ZENJERRFMnVJTt7f9EWN8XEp3tNm3jXWpn2gZ0EUPBis7IG0RvHBebvvCiBfdWSA_2Pa7gVdLEAFyqQ0LFREBLqEl3xLBSCFlhe8wVSHJburbafEMsFNp2bfv8FKeFZHKSEF9Fq7M_KjxJsT0RaVxtfJvdPqJ8Up8bSKjAF7riUfdd0yUQaRU7bRW2F_tWdfjwhUE2FfxMu00ww9q7LsuBsw75BWe3ebRbPlseawlilVKqHqKiwGdiv_SEjCra7g50MavAKtNTEsyJ2TwPs7FClT2GSgrsFd3BWBj8FWlWMLIVjFQTVqJXTLENfulrHHxP2A8WlKB0eLI3npRfWBnU7tUilp9hH2PlvHq9rNNd2bMN9VRMQaSHFZUabjewAqSUsRNX7g8lFdny77rewydV7IHWwqCaIlwF9RW5b5SfR752XUZbNC0B5QM0HPTGWFHPAQrEMJ9is309J2aWNmsxI8tBrmZ3gH5HQPVvf0RXdebTVEwqP9gKbuW0jrJx88BF_jNgVZSsjxptWGIyTUUiw5NTKfjR3hTVXmBRMf5MBqyNgfPF3l_TSfKS3uWJrlpRaW3S3ALHRjTMAgJEg0aMBhhaThXmS8NbEyUsvqjRXd0tefifHqRhFf8qjwyjMm0pVqbMu9G8HQWvE9CuQMj9ImZPl5ZdJA8ZQmWfrrRg8QEf3WseXsjB_8wpGExyqIIs7lsbuIZLJ9fAI7SGaKHXvWlX9qvPllFE8vNmFCRreGGRUrlS0nKx5X2wh_XiyaVHGqg_v50KHuCSMsqwmfPghTAwvGZfNLMUCxFp05hmywKLLntqvngRtauxjZ_WXNLNNNKgJaWnbFThLIMJN38u0f5lKB_88SV3gp_0JuFGvSJNfKwb0CXvaxZ_Cf_I32NLfE0RGNKGSx8HWqlwTxeGsZtNvVWFqjaGeir7ZuBp0NW0p8rgnSgm2Mvrrjyr7LUyjyVUvCgvq8U9p0XsB5pbT278nPnal7veJQEJtXjQwfVPmWGSsHC5lUZidSs53P_8CRWFLEh59hQTPXXLSunAff8GmyVJmPS0C0XBmivInKgw_patWKHQnlKqqlxNgfrbVhpZJHa80fwXnMf3BXjtfxJR2flCC9tEAaiKutEwJAqbtH7JqL2EbiFQGQylPPaE3CsGeUJZssSrCTAfAnq_e8M_sSTZLLgKjy9d7phLFry2qKCUM8yfrvvex8ZlGVWG7hbjZgCU2SWE5ihvKe3EGMuluwupf2uIhWfPLM0V_B0gFRxRTnCbVWnCpV9UhmiqtuwX_tA_W2e7N7t8hamlV3LZ7C8FhutpNgvJwl00wK7S9pxwXn3bUKjyEWCSrqFaGSw2C9ngwNhbbhW7ntt5KN3a7x7pINX2uLlZyBTCUlIyqtAA3NLJMVUnCRfM2rCJy0ATCUfdBNRrCriBn3mVnEpip5_wH2lPRIhS3sHVxNPdeVjpjjXtfS5KIn3UxB9EmNwRlnFQNBqajtMneqjIAFQX0aLjuQ_BvurrL_3IgXRAHa9WnpVFRsJe2KHtQ5MHCTULSlQeMbqLss78EBNnqAMGw_jVqSAnAIui3KbmlM075tUV_utAWLr70db2XQntFddQulVpSfIfmKPyutmaV9tedLWdZ8s3XFmH9ih7pqQsG5SpiUjxHQhXtH7IrMLriCnPjgWmdj9aK5SnNRPvBZUG78U2bxHNWGFn_SwGL99_aeX9U9qNiUIKjZKW3mnsgh5d3e0uP5Md30TtnMBNhLJQNRA2ZslgnPAtt7K2a_lshqA3_WPvI8BVNjPiXbnMGKNSgyryguHQvrM8fWC5pGPd8ByKq30GfCWE2wK0jhWJ7n2rHeqXyKTVAy9sCyfqubQmGmUN9NUadeKPgeySmMsp_u7WFemjm9UHIhQhSy09TaWZM_B_UjyK79IiPiH2udXHxrESFfKPNesblw82bss3hEtjld7VsH88vCesl9RfWUmgmb3jNetnUS9lCvWu_fe975F3q5RldfXWQUPFqu75hp5x2tMSx5luvBB03MaRXM3nBBs5ryRlM5nTwCQL7Gt0GwEKCpMx8EGA3lV9JTsG77CxWCdyHlMEV92geuPZVNnU8uIJP9esHrSqRSjyhZeaZZgQLXTpIwu9vXKnvGXpp20KgbdJHRBbwIRRp0nqLHdePnaKHrdWfTrHty3WuLTg0qP7b8pfMqdeEPeiHextZ8wRWmxJlbTi0Nfu7A9y_GbIAwsS0Pr8HbTbj_2KdLwJVavxSftxKBFaKNU_pu9UXlybwfKwQ2RSNNTwCKCGym5HHdWy9PgswrbUdG3bVTLrFbr3HNmPhImHEqjaKfrGNEBiWqJqUg2GI_8QM_7PpBXxnjUl_rIh55_FMKj_in8aEI7VyruBsTViQEH9ZmEQGwhbNAj_pXUmF9gadx5Bf7vmuvlFnFtFPNUBV9yVT3LKPqfqjAbvx_swPMyejG2ngarNIWtn37fZfmngXmRNNdrtivqB3XHHnKBSxQ0Al7W0ZsaQxMEvZBZBhuvhVAfRs0hHhnfQbx7sp_3PvmQMtSdIAEmSTUGvlZltqGZibeIQgfJPJ0tgayCuRLb_nBHb5AjlZKqg8AmubTypKE9aqAMx0LWh7RjPCajJbIvQHPaJwC73n9mvg_uPNddZuvZjtKJwC59HKMEmbmQCl8ILAvTHLlrg3C5fNpBxE_JptmhHf83WtlPmEMRBGXARfH5Ar5eRySfhvCG3ihUCGl0GfGGX2FvNLxm5aaNbQIVB0lPrBARG5U_M8TdvijLqNdUSegFe8fddytvBsvJ2iiaqqTuiXu_EVpq35ZwZ2tXf3v_FGmQ5FKXn8QNKChPvijnSeWECwTP3a3I_GB3lpCFS27h58Pd8MdmtWe9TRBlreEyPPtR9jNX5hhJww8leLH9bXg3qsVsIZMURuLMju8PIPe7JVwZlTPpxUpdwF0dsMbNVAtppsQwlGFmnQELltIJ90rWE7ItHNAHiZ2hPISAPu8WEENfCTJ5Ch0PwIEZZJHs8PZywGpWHL58tnCL7IMWn5j_SNtBXfq5ytNTpWPsMpGWPA5eXyq_WjdBEGrLgEUhuimAuG2si0ACR2eQ95nRi2HpgBahgm_Uy5sThSInZSIs_ZwwJVMf0_sL2xq_8Zjy2QnxqbCl5WliB3rGijBw9UA0lhteme5n7Asdgua2GugI9ZxNubPWiynAE9pN22iEsmidPd8nWCqPmfR7WSWVZtiJCHh9VauaIJRXgs0Sb_gvg8wVp72aLR2x_fArWnWfll2UIsAluxr75CvfyLVPpTiyIP9uvXS2if3NENRba0sMPSiFEjT2rrWEAXGg7GXHFqNNusEX90brPynfyxb0x8G8BnSqtbryZH0nQ8ByVLihJvrZePu0B8ggfgd0dIrCy95b3E3wIi8P09dxE2fvCRdZF5dX_2HXteuLysbKvFJn_JVPq8_9m5AqN0HbR2MvZtR7gIEMUdThZNu9rLH2iqNI3q2dRbQsNCT7Mxiy2ECdGffw79EqTTsCL9GIMmra_Tn5BAMQm5ZGXXwEfWg5hUHhLFWuJRZIR_QCssS9ZXS9ijudhM2lNgFTvqfplLWBVrSZRVqwa7yvtgfAHFbsT_V2XmWwdWQ2VPbK8gUSULIQaGHuyKSiussm2uCi0qI7FA3Ny3SI0KmMCVMHuZNtVxq3ZxqsVqveqmrrMyZXMQXRfQraN0AjVCNX7GU9WgBeFHQyQHyplQxTi7AFeTHFdxswaH_KRpAb5xrHKtJZlyMeUgTbX7MARWhrfEj_rh0dZKwmZZTX3ZRjKPKU9W_9e9iPdmFuPBNMg83hBGh0vgV3WRjeX8AdpZbUPWi3lgRl8ZgJfbbAljs5A5a2vI_USe9IZGS_2fd7e_VFCEKHglQS2HmKAPTMdwbZUVJhZippLWg2wSIIQ7d2EIF_2RixgGmABARrLsnV8yNGnnibFT8ttVCWG0p3QgvWjqBEVZtnGW5elIdj5qgheR0riSf8xZpZZwR8T3v9NldxeW9hRCC2uL77JjKJUlCHjPeiQw2PpNB28RNanECVZ0iHX8VNqRQAqhJQd2HeXd99U2BAphCFXqMRxL32e8GIuXRAICGjRBa9CEGB93CewCfPZspjmRMMeTgg50F29gtQLGSlFIMtMjayKrMPEtnhR7EaVZUn3yUGhesRTfu7w3I5Chw2jm2bjjHj8us3ShTWhgKNICM38EVNhRyUvBX5AdxEjpU_ni7xTfgvugaQPnUyqvTP5VaWxqHhEvqZvgXx_q_w80wf97mST0yjKwKnHftQABeibfHa82qPRHhNRLCEdGTSKpByJ7JuBnWCq_TRA803_jeG3ZxCNfGwTPpCJWr_7GSlTG0wliy70aSSs00LBrR83lViNeWyUQQMyQMvs0Xi5lMbelgs7ItFIu7IE8932mBNEJau9wRZMNf80VmMCdqtdebhHuMil25GAdfnZU7CIwLrsJaUtjKl2GKRRlpPppqZvABr2dRQeBer8mmGEV7tny9TLnbmqSLsERAS2AK8jU_QVru5QejLN9djmQpXeMaXVPylynRawvUq7xUMe9iBTlqZvTJIl9yVvUvsuRiutiJ2HFeHS7vmC_UQu_lqht7IlXhrlaBJx9ULPEmsb9igEjtsWV8tm089LLjgInjmPqB7__ilCBR7XGnVn9NndWMBqT2uu_Z2CZTLxisH8erHCAMRAp7JCg9v9tQlJVBgwUVQgguSNIJHhgXe8H3rneJaTKwyGdinSIw0_lHUpK_0G_SPMJ0jNaNg7bW9iiuPu7UVdPQsSven3K3TdSErdFWjeJEVqZirwiQXUN2mWgHRmMI_UqCEZTdAawVLEsaxQJiJsATbZN5PmGmXA_8TnT8KiMgJ3WsGeg88n3uZjaZ_VKZTsIPI8HKjAZG7ESJgKjb57bPWS5NxLMuEXBTTLKd0M8h3smhBgg3plhy5eUSFHXy33a9lf3_SuiX_qBNUBQqxZlyq5sxW9n_jPeRZLTmAxAMvvUpv3t7awUdvBd0HM7qpSqAgEffE5xtKQxbhg2ijBhmCrQ8ZaRrSZwJLNvtBQJmNNHaEixd3XrMHab_9AhUL5rRtNwphuQUB3N8UdQZTjIlHRJNV_0CivuWULlMi8NIMQnnRETIFg5NJg9Zf7xBiIdRCxxshshKXUqbMiIQJmp5We79GnvKJBNKhagt9PBGl5GqjRf8eRJ0JpSZySBWn_fKlljULjaefVZu3m0ZFKr_9gt7uH5_MdA8q8rHIpsr9sEQ7saeVI9sV7p3h2QvWt_Q58NNsGXp2JES9uShyviwtindPyF8nCaLXSdyERRWv9MvtA2K_9lZ5TVmVrntejTSGaaPuHyuVRjxEgK72L7ItqnbUxHdZa5NFdPBNeNZy7SAAvwVhd0rFIe9H7ylqBAgJvfdTChtfEIehAJaJ8rKFZPGIjpH9Mffigysw0q0JSMlyj7Hfq3pnmU7iZiTnsEnmF0bGHK7TdT7gpQt7ETFC8NHvUfxtSRdj53xduWGJPVGHip0NFuSpiVfpR_JyVry0plpuEbI_dmsdEWATpGv2ZSLpBNF9fyWaMp5lJJFwlsadSAV7sLwJ8wuJrh09tmMgJiFP7LKNlf7V8WqBUV0E_ZhRVpE9t7biF83b8nfuuhmgCTriCt5if_uyRRp5Lha392hyQZdQTBPEsqbq_i2XZFrIgtlXS30KJrVErupSavi7VyJ3LHC2SrA8AlFJE9nfrex3pTarugKyusNasiThiuhjPy8pwp8MbZTxnwMhWrjgaiK9GSbyX8X3JvImNU5isafFNx9N9ERyZegLTtj_0VEZdbPtyCxXqjqxZUK8hfr7Sa3qBy7pSa0fgXrPwb9y7G3a30HiqftwaIjnwQEGrLbLT3Sj3brKyBQ5CMCCU0iwQnURsfpKi9T3JT7fQsKJ7Xx5NV8PFe9RVpjZQUP8rweKSAyswaLpLIiK5NWCMwjUuJJyFZgwGvvjA5TjnVKnGsxfFPRvAxrHd8lTm0nJEnqrvESpP3XRjRtAnUF3xUr3xhx22_N578WbQPvg5RFqgsUdab3fsfEEAsv_aNtMVX0WFwdurB030TEjnq7iMJGevL7sTCJJgZui2a9r2iPLUg_tI5PRqfKbtmHlXTSsSGxKq9QKexxvUWxqBEJnsfpCWg_0j3pU8bntIuK0GNWerlfIylWPb3dGp3fJwyCMfL9stpMEfyTStNNTPtqEix0vb2rhZbJwHpQF8RTBXexVyhhtnM9_wvAy5bSwATpefHi2NyRy9WsN7ZJGHbLH8vGhuW2LdVUnFr_yda2XfswH9wKdJqVubX3pQBXZwB7jGJdeXVMhi_aLFPXtflh0nsLwBm2BrwU97E7CaN2bFrXBuE3pbFTQ90KPgGvgFUJgyNSSillwLJnr9x8Xa09GBSTs3eWd22e9ZiHj5s5JLWUnSafa7XjjWvHHfHli53nWLxNIUVA8uiSSIffsR9Hm3e20WdWAFCnrnLEJyiAg3TuMsahtjuqLnBgZhawtPbQ0AE8VS0w0haAXPEEWVdN5LM9Q83AaXLCZITACqmFmriaWHC_iMHw3mubhsAaaXQZvnX_nC_gIARHR3Ig2xnAwGqlAFMaA9jfLNW29UWFWQRv7T2GfttVaiQV7bBmGNwN3inb7hI5bWmxf8P2EUIxnqKMIm5j0PPuuEfh2i_ZUN3BdmN9uPGB2RKEfhTCVqhNe_LTrdqsaIZH3RTprwSlbAE5FUR8rnMb82tGlnyjKuM90_tRMfHRq3dAfIaQhKwLyj_NyuK9APqhFhBXHSwjR9KfTPEsEU77FuFJvLqQPjbK20pZpTsnId08x8CXr0CxpbuvNjbeRXhqwshtNCaH9fVH7WNUG27nb5banhFmjlQQ8yP5irTZSwnZeG_ZihbCjFyAvyQtCf7ApSMupWMAIhqA2xQZKl_Myjmbm5ZbZe0lfhVHFn7Pus7GryQAWZdw_vxvvUWsdZWnCRVIgfJ8laG0wXjBFfljBQJVl_bA5nMxFwXiGCy78tBfZTq032H5ZMJWwVlKrhqUa_j0ZVlWuejE3srVFW3hf3523JeKACt2f9QxtSPpSFWw3P7SXdXXwhgssrEK0X5LPWB5jG0yaX58MnbinTq9PsbSiyp_uXWCMJuuWLJE0jGBXwsXmMC98mBr2ACM9SdryABwjuVeqxs05APJU8Q2eKWUCgv2QggwLjht5TbPr_ZQpZbvSR3VTHIXyLMmWdjfJE7SrlpG8ERWKG5gpqjAUs8UK07UFjjJrqaf9tHmtGuyf3bQaBTCGIAMLVpGNhmn3xCEaHI70tAQdL8T8HHG7usmxTAbF8fyjMpEbE0dpypnuCgTBh9JIlg7wxS3jhKraPVq9xeW0lVgifjmFplnhJ2a9HJMdTdAQbSU5bApEXxChVpsbtwf9_y0SjBsFlyH_TNbZ2pf8a2VN8LCMEyrVrFbu8uCUnb_yJUQjpeqrQwB2ZEyj8B8bJtjRvSrHn9NS2ZeNLhQBnwBBuACKfEIKyNSbELmPIMAMeumPntCmTnRXNMViLInmfN5uKu9ur5xZI0AhMwVKZFrxRHBXJsqs38hshLamtvXjRSwAsFfiX_xGxANfFC9PwXC9iPZwpxphETQQ9FSPG_CpGgCLB0XKjjvaihVslZiutAqSgq58JKlR3veyee5FBGgp0FjWgljxAFhMhSCgWiaw5G_IxxfxQM2h5FjshedjKfVxCpBM53IpjXIAGaWRm_GV88hXg_bGaAA_2_N8Zgs7Cjfhy59hI5WnEvJwLJRbilJu3JT5R_0THIfn0ZHTKX8aPB5tuuNQ2J0eBay9iX5piMyJL5CRWLMV_52qNXnl5mNTWMqwdyg9jyptRWurJTfIWAvvBnXJxLZLsPBT8wd0Ww3PTXEx57JiUSq3WR9C7rWgWE_wKgum2FNqeHFngeMnITTLxK5i9F0fFejg2CXsHwiVffysdvK3XL2fVfuHssmlHPWfSIEEfwZg2GuJJ80KM8Q72yTdwnHbN7BuSLJhiCJSLjj57fNXaC7rPWWxbf03niNmmQUxqjtBagZjHaiZ9HKAUxt8l_AAgwHrF2HKFCt8ft9F7qE8yIeFyU5FPG_qwEGa_NJ7_VgUQI8rthb73QUs9fS2B75tQJRQwbWLujWmMlCZCs_NeemfiPGI5FQJ2ALfj3EZ5tqa89bZHn7fqrWyWl7jILug53_iPhWGGmv8XX_KuSIFjMtaadI5UQmx3mvmRmZB_XsrGCwP7jGZGuUuBmuwaxdheQtyyuZXTiSgvCC8_TdZSaeB2SbQnJFUt7dHrGgqSTejZdl320lEqHR3axZ_Nhwh3Qq8MKJvAIuMfWUm_sNVfGl58NAWLHIMslFwZQCywhjmeBxTixfR3u8pS5fGCJTQfaWL8NZ70h9dnuFwwLyWCjSe_7NaFTn8GFBswEHt5TiU7XhspWxgIIEAGECStUuIBKZWTmZG5pUl7_gnGL5n2wZMMGhAAmiN7V0BAEM0wsmguIFbEA5egTph73ZKL_LHdgawG2A3HbfVRRiSeH_wyXBAHvGv93S_hEmuVQIInJtpuMqQjsTrqEwQhmKqRCFWJ98_XjI5PNXdWwHvx7iQUIqljWnLNGquFL5FeNBHLvdlCfIeqGdC8dnC5MVuxhJfCNAfiruGwRXs9yjiwRBN9N29hIgHTBrgUdfy7QtWrlmCXJf28WnFxadeBIlXUjFXiMpW73H5RQFselQweeqa0RlXH2Qv5meBq9vttUCgBunBjQiKtuQIg59wPuiMiZeCrisr0UePNERrqBbBfqGSh20ad9fXmueEmHrC7_vP3B7Pg20uqalLtqNMuWIfFm73jqHGHelhUVJbwjfvvZXsPl2htTa9wjdXG7fivyA9Z3V5RThAFap02MllqtJlvEbZAJgyr5XZyip2Aw_WfKC7wr8LAQNp3mpq0WvJZRU2pA_KlyTf98jm5WV9xd9hQ5rfqvv7Ih0HdweLQiNHHFrwFvREe8HdyKufQ8LhrFdNM_IGiaUJgMstCSfit5svuXp_EGG30h3JPRqrsjIIhvahPrTCJJurv0Ne0RwgLPrpEIf8ZSl8_UrISAZaNp2QNQGHSpPUP8QENSFibUw8jWQCPB8_sTlmwNx7LGLT_Ref_F30SPime8Xja_wnra7ZMU2_5Stw5yqldL2AJsF5qx5XTLWGRWqXJLjuNZR0xbhV8BtlNhQQiQStrRmwMRflKPUU_sE3MQmE9pLmt8N85rypL3l8gV7_ibiKjgFfZQLthTB2dr9IjuwG5_vQuLaKga3t_WTjdWleSP8lhvRWMe5IN2UWVu7HeU5pJqPP5BnapUw7qPFupuLbxmwwaPwVmLiJlGqlqb_rtQwShFy38S8Q5XXMyuGC0tTZwPvT5nLygUnFn0EhFvI0NXJ0HyHV80_dCKjfRmVEsGjS7QmxnHGsMhTieM7plsQghZ_r_rMntPujLFh5vuuhHpvTduS8rs9ZEhyRUfTfmPa5nUL85EeMyAaPWRyK0dlIJnReaG8FCJA9sdiVJEITdi2mMbxJtGH3PK7ypyvMqxsLK3H9jmq0ZBB5NnxMqEWtb5Qq2IraBJqXRT37uqI7SyQLZgbxpGa9iL73hFvBunEqHrMfmdXB5S70ZNxvKrXnjBlZQQjvUEnxytHJF8SFK3iwUj7un7dVLFqAatBg9nJ5MqXNSrPXqiXImWGMj9NvT23xQITplnpLlKeBBLq7v8BxXnHKZuK8GXWGArVAjs2X2XPqsr7hvJ77vPClGEll38Nv9w7aJ0tQuFqluPjxIsfLiiwgH9_hj73ERGNvtAuTWK25AIEbgElTunJhIsnCL8PX3pptQI3Qr7W9yVfX2elHML3vrwFCKphwjybA7aeSiNygWyXAZUxx_XT9idTsATX30eGIf_LCyi3yh8QulhF028Bd9Ux8yFv7gAi8QmKyaHPPwQK8hFsaF0fvJGPBx_Pqt3ieU8nCLNZQGws3uK20sFVlqdsPjLNPEpdNq_QpVBCVn3vhW0Apa0FtEVK95bTSRmRnueP2MM2EnZpU9CjSTQ8Sw0VSfi2gZV0IHQmxTfgZIqiFpB3_AIbugxliUIuFahm8w_F2VSgAUixpmwBIw3P9NXQnwTQHsWqxuZvC8KUSe99XirrTQWFIAL8GGNm3dABIh0ddpK0br0_ReMqM9hPim9IXFnmQSFNR8Qwu8HtjuJZrHErSJIheK_LMTh_2lNHjn92FlCnyjHyBv_L2nUlrPhefyBR7lL2snVNMMTufq5u5nrBpGJH_QCwBpt5f8J8_3n388geE2NNr9gmK2UHTbV7dulUaN5nd_sNtE2yaUlyl9FWTNiMihFxTEG3fZ3XtyHsZygCmnwJbx7s5J2P7bgbwq2NCWu3sl2IweqKsji2pR0RRIIIbfHSIryqJAaJKfSbj0GL37NSdMX9NEi_5T8hKAKFGBs_mmBm8esn32C0ImLBAANIaTILFNgH8uJjbrS9apxeUsP7W2XTFGFTmpMs8S5GjvbSGqCwyX9UABXvgqRGya7VgSsdICZAwmxUQQR0VaTgR9sMbBgSs7lBMl_w53xqGgmea2mstqTI83AgJGVsuIQRUdQ3C3Q70RmwQW07bh3Zftu9AbPPpgI7ubAH7IiNFxSnyJ0iTv9JKPnM2pjg7seGJN0hpU7U8a2GI7aBeNfXQIhaiMNMGs72dTTG7ZHQXfKg529pNux5RaA7SJy73xuM7MxyvrfwV_8vdWxJtACBeWKMtnKn0T_u7CjxJglwlJM0nwyHlpifGKsA7B8M7NU_Vq9Ax7QVdJddvRHPhjnTZUMLj_yhemPXBgfTBVQ8jMZtXLMwEZHQ__hAKbQ_hU7W8wFgIKau9t03F5XsmETeI5VQgKXrAtPIrrs2VthBEBBlpAeJ0mnriRn0J5aUJhNvemRBJgdEaSdPMxXdHTxE_2fnEj287et78X3PvuG8Slna7xUK5Gq9g0qMUUCrBbWebPwrZrFXdN3BUFPZVL5nWFrMT0TxHZe92y7tvXZMh3i58ZUvg3JeIJmqWTIZaa8njBiEAA2SPgUsuxK9i7fg0j5saLfa2AN3sgejtfJtSW5M7dI3n0GyTMwg8NHbFAIqU7A53dj5iLew0nwKSNFjfFMgrs8lfgsMU_N_EjprbhjxbWMw22syZ2NmTLumAB209HgwylSG5eS3WR8lyynpuGVm82KfAXiEIndZxPV9pHlhs2LhWxP8ab5MqVBIpXBMi_sfntCKq7Ee_Ksgd3Ts5at888HbrbJqsSNdEP7lRNXJdtQmNhQvWw73V5HvQjSVvEVPZaFldTVlJlx7gGvSaSNCRCd5yAwnfIaUmQsMfyVXGR7xiEKXXdNVXNXMdgCW78g7sAPdIuUesj3HBrlfX0qgsCtjfFTT8CtUJlS_wrR52Cutv5xH77JpsduPFrjVX8SBXjyvQl8FXrZZjFpdllRBMnGg9BIHhJlEbprQ9rLqTZNC5B_Jg7JaA3LLev9dld8Xi2qbuJ3UVhjeJdCrCIjREyxNHIamxiJ5gexwErUaF9pEVGVVmx_F0AGmvNBHjR0x2VqjAe9tW903QtXguqI8KKGvyLntpGCSsVXJ72xa758WUAAZWPWqjFGXNjhNn2pAqKSZEQqGC8QN_nZUrJslrI8eRUZvPyqU_aTxIUBLb75aw9L_tEJyxJMerryIPEuXnlAvBtqEPCd2jT7rSM7lBvl7a5fRRe_jfa2raSr7NMSsmLPKwQ_w8MLjnarUgBTXGeu5peErIa2fK0heaKs7h9LMASeIf3KyvhwZRRRjdSqiF_BBqJ0Cb2ZyU0wt0UWXglEmXMv0AFCBSpAxCUquETgKgQnrAsBJbGttq3Xp3SGf_SBayRsXvX5wlrEiHNAiXC3yHFn_MgCuv8p5_GrKqselCyGFSpNEPdX0nbsMsKPh2UPaALsqRdj03fIFKb75HMXfMiRBpqimCnimr0ERZatfl7gIe0naCwPS2NaJTwZprtwhEa5j2PCf_IWifhpJui_FaL2jnCZgMWnauU9TRdxlXhxb8s9qXgeS2y3VydBevgK3mfL_H9Kb7xtq2xBnVgesLWMiWIZbedGE9mhpUhhGxFPJeTsm02QCAdqWGG3X5ZNZis_MvH0xxxXq2tHT_0fRNMmyIZW7saWnrtveIIWs3N0ZanyGpytUVC3BX_nCLplJFBXrQqJZ9Z7TgVv2BTstrsZmXRxHbe3milUJRZRHGXn9JNs8w0MeUaxrHamrAV_IJ8sCHpZLGqCxEIIxhAw7yCTLa5iTqZFK5ntyWBwAiUq3rhhvXqx5lTypIKTvKe8IFNWTrvS_jNiKuvNwEiJVSPgmUNimfCNsBenF3PVKfxFT8VNmSMRuW5Bqiv_nlnfiwaM9yiTPIV99JBeViJIA_2WEGdRiEpybSrabHl3QwRtW7PqRbCrqbWLXPHmnwQ7fPlUPSCgQ7SKI2R5UabU95B0yiBeCKZ7dbC_RLMPUmGHN9arEUrsFyIew0UNd8i5etw_m7i_8Esu8tgEG2_AV82PjPhUrvvAPC3G5uMaIZqsGMlRPGXsSJrXEyhxSXe9hMIe8iQCqJqQMJUgv5NfRFwUZIRtIUfMv3r0KKnSWWl8tTNVN2PvhQHrVAxrdXJ7F_LKFaugNGnZalMShvyCnBnIgsMRgT2iEL3ILNNZFGeHvgJPmiqytVZr97K02MwnRttjsJlLxnviWiTTTn7tRM2aT8pRr7gKJEUhCZw8pVRQPUEWAeFfhESjvBH_8nTSVmN9_vfe3JIf9efiI0ZZy3HA_USfFRRijJyvSI2C5TyFZ5SARQWmq27mVxg8BLVBQyHthehuiSyXNCRErP5ldSUrQJxEBCAgvFGuvpK3_guTaUaahb3ymxSmV9uffLKQmfieRXs9JtvujjmCyrQueZ33v8tddF3ujImNEraGLQRMfr5sgjnMGfG5fCU3m7vmbh7A7wtrdVwQVhjf5WIhQK2AUxZU7PsxXKvUgmV8GGMqiCyqhlWuuq8EvQbGU7qT9KeVT8pAMLKKa2vqHyfhShFBgihwMUGdGs5vv_7JB83S0QtafE3rymLXsJ5SX5RNQLAegwNPKASax9hJMdxwyLK3L_TVhpLQrVNXBvTphqVIqhfPtvPLZvALClTafvnQHHZgvZ2yiEIbS8vRqBpfM7lNvNtqqWvFjs5HUq8sFrLAqGnb2p25edvWdLwVguiCtMSim7bNAeg2pttlZH8tjqL23dGHBtrSRSmihF02Gejlx9R0qZAx3CG9TRtSHStLWAaeMq7psumtnNynhhNPjKMMhRtde9ARwH9FXBCexEuMs3RiiETRPPAq05tU3LegG9j3Bmlp75eBJgmntITFnvpHS7Gn9BIyB75RQiGZePe9_BIxfSXbv2SxtwqX92MBj_ieVRy8rgFRdtZPBgIwVj7dIFPBWEll77P7mgipZyiATt078sGs7jTAg8AI372P78GZjGZ5Pemb7f0UjljAqjFE9gmAxnUnVUnaRdvIL5uw5jKJ_xXBi9SQ5r_aB_NiyKwJaE2722bsimRs5j_XvlEpFtmSdZgLKBuMrhZyhiFp2CnpyniQCnbRpxfaRBX39ipG3V7hNx0_NuGHnWZQvsn7i2vvGGTeaq_2v3hyGhnShwxTiW8xntEEvZxsaJwd70R_9fasFisFBl52dW8nP9euHW8uSIpMVfBAhUnBP8SJgUI3aRw3turIlfExErj_7PE9KBiA2GArFVP_tCPKvArQhmsya7AQFwfwVuFBUwfFSXbmSmUptqNTf7_BFpCVESaW7XfNERsQ5GLXEAVLSsVHAfPMb3T_AfFimm905PiClhtCJ_JVyNMuGtZIvvJag9VUj9uaMjMVG9V8K25_8E7fZfBRmpJEVMPlLF3p98gdr2alddNE0XyJZq5NxgK8nGHQFtsjmvZyWFEPFNAbs2hAbSveK03RNmHIqu_bZ2HB57gphLxKw_mdwpaplTFEiLSFPdne3C9IhXFC3gUlWUrav9C99XFWigv2BW8qlTRVhgWrqaEmEbqXbKnxeKhN3r_2NplNrmaNWXyVmfWZ7_EpSAJXlbhefIurpIM9wVvPlHdlilHXfMhGQNPgAp05iphrsbyXUjryfZ3SJeaeClJeJHN55KE5aB7VqWShjLrUUlIU0yjIqJ8x_X_A9pSnKN9BN23PtjJSGTZGL87bd9mbdTG7bBAtEhCT8dxRynMVj3G3lgIG0Wv5Z2awTbdbQFIqmbnvd0iKMtvL7R5xWVBenGsVa5N5_jKZHvwmRdeGGSjG5lej9NiVNM7weIJQ3LXd0ZXsAgAF2gRIUh8hyBLiWpW8pmxr55eH9fwXIA0djGpvUZGE3wmL9Z_FqGSBKfmUH3AfEU8ymRRZ8QialNlvLNfGtTEWUfFuZibMr_ETR0eZJSefxh_dSi7B8a5IryXfFwiCgXq0BGIHy7q7GCnPxmaHC27f8LfQGVFdrMFHult3JiXg39nbIZ95j8JGPVLbf5Vxr00aVhBj0s3J0Ngj8iuhNZWR7bBhwwZUJ8aaMwm07lrNTTI_MauKsUAB9HT9rqneW9H928hiwAagGw8TAUgm0Ql3geielJ2VFmmPCqWHfugPipyeMVt0t98B9XEHRXBIapyINxttmJltnlbfG_dgZQEFVI_LZRdJi7Rmfg23xpKNAuyVmwBA7tnylj9mqJpBCQyw0eWvqmqVNgiWTtpFtrGvhmNG3BBxaZ3bBZHNaMbTXLnddP2ISQpSrbrb7s9C0ifSve5jaZUT9xqEAsZFsLR3V0JWv0hdWy3xyRvjrVe_VZdMrd2A0_AyM_9irSKqeqy5beKUbT3gFfAKMCiib3LuAfLu8j3HQijS88sUbWdKXhas3_7BRfBLdnxgstf7HHdlV2GtVhhLd8lLX8t8n__xgPVym2pLCCy8qqP8t_vmM0CwmrJei9Ta5p0vv_0iXK8TF9vwXgFA5ViSR8RfKHUsRFRWxfvRxdrbKq3ZPtV3yV_8hNhBxqmbVuajxRTEiMutaEuwEshRUmadeW3ht02_hiKjPpKvGW952VKWNI5jvLwXSbFttWbRHCl09J0XfV2gmnB32fbZTwyVlTtQfM5rxuv3K28UEr3qBSJSNm3vqdQKTUB8gsXfMwpAdWjbaWflA8rgynEmiuCF2MCRj8aItqprsCehWahaKWRum8rha_GyWQ0mEfdgul_mhGtKZWiuLfsaEHEPvdgLtVQWtMxuRCB357In3NLwTdlVWWiwp7pm_KfFAaKfCpKQMFsr33eZBUvnpNfrU8XXwZVMqGR7FsguyG5lWPW23A_aXB3y55q9gbFK23ChWBRbC5eWHH7RUy3sWNEelJgeetTysb83uHA5WgmttesrLS_jbIea0bwCGLti_aKiaJ5wEKVNHXfJZ0NpLZSuQg7W5x8HL_AUNmL2rw8leuhNQweI0grCQIN5qXeuIxveljdaxwv925FtpqZRajStIUnbMwR_JGC5PXrvT3yB_btZtFlPB2VuyEnLMTm9fxRyFgwHZ8JKuQHdtBgdGK_vNIC8x9BMZhCEHMajtbSAsw8EVFIyFbEvXBsTsZx7AP2wlqx3IXd7HSnW7fx2S330Q2AJ2qWrV_pav_CidAeAmZ3h8ZH8QP5MVCyfyXC7_K7pX7XlUU7CtUZlTym_naNC7UueQTTxdjEHhWdFxplwXNmQyvbndPps7leH8eMfVH7F_3t8BUP_ss0n7urxLqN5iNRXVQy5AxUCqbaSp2BhlHGyIXabwWe5b8XxnZB0aeIVHSidXIg3m8T2g5qnjXZ5R7SemqdL_AuSXnRr5e3f7lVt9ILKwedpTRMgHEBJHUIBvw3_BqbvFWlGLNuCt7uQSL8LQ7AliaTGBaARJHlREK8aGJWxZWCwlRLeeiN7v5XHK9KULp9nALyIF97lphisJUPZxTp53U788Iu5e5__HbBd0qEb0pAVEExViXwvpv_uK3xN2hW83yqX77hdPWtxfMm30KmRMPiGP3ALx2TnutVfPfuXGdjVSVXLQ8Vx5IEbl7mZBMfMNqPFu0WKxQqIWhxuZGehhy8yqbqRR9CrnAj0ZW7vFwyrvunHLpMdeMBF07GvnS_gdZhjFCWaAZCejsmhGjj5LGR0UhlVX3H8vhWqjEbUaE07H_wWrRVW7H5d0FAjRLnU0f7q2JgCXjvJCd8tvLQ3TguA89SxvIetduSxsuwZp9TKeUEXUEiGX0JaPqBUTP2_WNtfMSBvlJZ9ra0EyHfduSjj3tgm7yiUguFPi27lWdnyqu7fCQ0ULVxJs07dAfWvfKXwed0KKiZdBMKhIpNblZuCSN9ngZnF2vWMiliuwAgayCXrq3RnSGsMlgyyR38h8xiR8fFPXUNSIr5RSn3mCZ_V78NtnpbNENup_8Jh8PZ5j9pSWf9tGPTneBGHIVtH0ePQL2ZAuQbZ3sWdAdq0yWEXxtCuF82u5_i3r3l89ig9djVaSlrirnHfGdxKWTBry8sUSjW5JuEdvb_8QRfefaihvEnAanVr3iBJJ85fjgFSX2bEBWKhUyVU899JBJ3yL59rJwsIC932M2B3Add8AtQ0Rms7HvK3qjV7iJL7E8gvbyHGvBE5RLGGCllq3B22ZTHp9UiQKU_87iCgEMmMLeJZwMLFtZwrgfeqTGf8SjsUwRTGCdEjrjvpbyIq_dmjKi_ZQ2B0r8x7H09BFuSPrNCgTUfUsg5aGTZ87h3nrL5f9PmTBtRLL0V2qmigl8Nllle0h5ReHL3v2It09ZbRwwK9_7EuvK05_RgnxURlnrtpq9LRNu_ZtMmmdirreJaariCuuisQsfsyLC7dCyJgyXmpKXRNFLp7S9stbKUVRF8WUwQRZ7m7ihhbm_j2rxVxjfdnPyNRLR0WEnFdSjpGhAM8Q05mIWFqXUniSlRnlNhgtyhs30rlM8WSIaKeEGZqyZbXgQQXS3PbsqpTTUHw2NHERpv2dM9aGNQLTywQPMVJTJsXiCjAHt8rx87dCsXyIwq9LLeG5L5bMGBt23AeJrlpfMvmVg3lI_StxCjeGZ2bMvn_TspFM_tru357ymCAwI2QZiPsIrdCG9UFlBZ9qwuifQd8v8Pv0jqI2uTrrBsli_XURHimturZTqXHs0nxh9CLmbLImeFhq3XriJL2NuhVGXxfuMtLEUbA09lE9BlsGy5wghsCb0HlwlyKq5PMVhUhumCTpyJuGKHFNhJR8aC9N7IJiL7SMexugBygRdnpA_RINCMybsg5Q5lZZxh8ehrb73NvAf57E_Wn22NbKP03CAJrJ2gbtrjmPHqCqXfiQSQ8lb02maiW_9ZQXilPnUu87TPsjKrFBNEWCX3LR8aT5l2K9pnI3pAydNtjeaNpNFbq893Sq0AKBy7TxghBE_JlyGVSpyr2RhARfKgJVCLsVeKxIlQEsVgyg8tigPyvg2lgTHtdxAjXBuTSmTbJlWS8NVVslaeu8iQTHXLi8bsfjVx2tmSpqsiXMiEKh8ngnU3TKAblv0TP07evZHurgpQLIgm5ylhEHPqEZMg2uMb9N2lPCpspfxutKlSQmAQ7VsCe_EpXtLZmRw0hvhP88A7Vsqw5uVaxJAysE8qPWXQ855802_KjhFhbZlCmQP8Php99278gZViHRE3ClC7yUu_E9Zf30fKgRyEIafgjhXlvu5rCnaSiWxUiZMnam3jjvjlqvieU_85CmMdaTwqBHCQfxLmGMU9llKBE2EbjFlnfTEb3rVxLr5RH_HvXVlrnfhUK8GKvH0P9xMPrUaUaayQHdElaJmqQPylWu_sRjLeC8v9SGs7PfXMeNvqgZvmQnJ8lIZ2F__AtS2qpVUVf9NfniKwQ2Cv3RZLIm0wnZttj3LPIBM7ueGUgGZ2y7Td85U98SHMGgEI3A7urNlpUadqCEZf3jQ_vwdfQlbPjys3gFFvPUIrNqFXBMAAUNuiJjuG8jwjXhywUCnyF0VC5BSUigIB0TFp_CtvCegCPQN2eBQ_r7JtQKHsr7aZiyti7_XxMUpmKgnmvHEKsL7hb8vFhrGEEatpqLvpBfVMG5ssZAdjF9iq9VQClFJHNjesmw7sFlEs_E8vj9_h2A5jmupZBm3IuwTVJaL52lebjXI_dn7ydxb0u3uHAlAGRjleLEx_ush2_y3yGCyjmU9VPLxGgbJUmN5i3r_R9xL0ywd79AddiHGNij05HpLqhFLPPjTZrGi890NTgapqKFiuXqMiIQZyEx0QXp9m2hswsVPIQFFLeiiEf8_iBfHn2_0pinesJgS8e0yGKb8yCrqp9bLGtRRKCJNdIG2RpCCaTSwrsF5jdMH0dPbaT7lVS2fqUSd9wfXIy2dtQsnySCHPhaZvtBH50Iq5SIutlKgqylUUMtqw_BgxUJCJT8wMZHNytCQeGvUPHr0nRIKENUXy7TF_JHQbP7_8L0w9amyENbpUquJCAMCQHJLJ5pHx3njjjeZjTCECRsN7WUuSr2G2BRppEJEIIMtAynhLHHTCqrm8shiK3U0dxvS9IgV_p2tlbIFZLUXN2fTGFUBmSBNR_mV2b5j7dghLWqwe0pZWrBrbIxRjATyMjJQtjHIUZHL8ylxyv2ys7ntmChmradECuAM2WPafRn7xVXX3nyRei_C0ntxRabhI7r9w7QMVRwAL2Ww3dueI9KuXbsW0gEU0emq2gqeFl2dqq8gjwvJRhIqwVPB3lNlKhww3Vj02V3pZTsLImXjw9lSefvGLvHqd7QnxrvPhBeBpqXdZjvR9G5_Wshgu_92taBXfuy9F7V58wrUA7py2N_FPhadHZr_pi2w5mfRyiuq7P_0aNPQaZTUpZ9Q2JwqBstEFu_XtF_vuqWxiIerg7QlTHZImM5TgPpBsPW_VKKEJSlTf25lvUgRuNUL37KgBVihvaqWaTSSZ7bUm85G5sdHLtKJBhlX8aMFWWqKljxKLRysw00BiCbvsaeG5dXGijBE0FQPxJyi2qmtLdGKySwwLRb9fZIL0BmM52_TrRFExbgrVleysBVtJUvbZEJtn3AyvRIm3LtXq5GwiibCl98BgTLIhuNJLyAq3fJlp0WAgKs0FVU0bjdUJS2gWC_SQp_fb2bpThqt02E_uEIshJQNuiBmQVxuVpB8a
