EHEANQMFNFQwyAFMwH33IM3My3ywMaQiAHw3MHIaHFiNQAwQFAAE3AHwHYFwwYMFMyMaMFAY3HYAIiQMMMFNYQAQwAH3F3HFQIHEQwwaaQEiyEQiHFYAyAHNYNMQHayAiAyMIyMAFMYIENAFMaaNEaAEANMNYFAIEIQMHyQAYaaQAQyIQQEHFiyFN3FaaY3MIEIFANNEHNEaFYNFywE3i3FYFy3iA3EMANNHyIYYyM3NQEIaIMMYQyQNwyyQaaQNNwQNNwFFwAAQAFAyAiwINQYIHIwINFMQ3MYAyHAAMIy3AyM3aAMwNFaEw3NIAQaHNaIQ3iwaAIQFi3NwAaQEaYiEHAFHMFaFEiEyyFMiaIwyEyyEyHMEHyAQE3wI3aE3FQYAi3aQMQQMaEEEEAQQaYayQYHYMQ3ayiiMiwQIAiMNNQiiYMAQIYFHEQwHwwyAHyyNwiMQyI3wQwIIFMIN3wNQNYaHwYywQywiYAN33aE3aaMIMywQQwNNAYHQaMAIFAN3NiHwHQEwQMNHayQHYYNMAyQFQH3NyENiawQQYiNyHHQAEy3yNiIaAAQiFiYEYHMNFYNQwEYNiNwYwEIMEMaYNANQEAwIMYAAM3IyAwQN3YNaaEAFwHyIaFNAAy3wIMQaYQyAFiiwNHwyawQ3YEwHw3aYayFyi3EFwYMi3aQNAYyHQQwwNa3IiyAHAaQ3IMQwaNiAiiiAAFwAaNaQiFYQIQaMwiEQywwwYAAHwNMQFyEwMYwIMH3EYYNYMFHH3iIwaEEYMwY33Q3FwHQMyYIwwINYFiMHQaiMAAHHQaMQ3MEiEHNYFyAEAEANwA3AyHaFIYHHAiHYaHIFENHHMNiMiiQIyFiF3aAaEIAFYyFaAiQEEaywY3wYN3HI3NyYEIFyEFMaEiEYwyMQQyaiHaAIYHyFQFww3HaFyHNHEwyMHwMwQQQyI3HFQNQy3A3AAwIQwaFEwEMQHyaEFNaaAFYywHMayMMywEYNQHwFEMIYAwNMAyIEMIFQaIAY3HyNayiiMNY3AMEAIwwwwF3yHaMHiiyFMFFFQIiaFEYiFFIQwQN3EQyMwwwFMiIEw3ANwAMFY3IHMIIIiAIIIAIMaEMiaaINywMiaiHaiaNyaFHy3NH33aQHMaHwAAN3wEFwFwaYEHaAaYYHAQaiYaNA3HiEiAHiaHawEAMQAaIQya3wIy3QIaIE3YiN3ANMAENEYaMa3aMNFaI3iQAHNEEMHI3yFiINyyMYMyYHyaQMyy3FIFYIENAyHYYHAEEaYNQyHNiHNIMyaaAaQiFHyAAQH3YEyw3QAaiFIFyHAIaN3HA3HYwMQ3wIYwaIFMYaEwIFMawFHiAMMQIEFEQIYIHIMwMMYIAwFyiQaANwyANaHNYAAIyMIwMHYMiyaw3AANyaMN3EFyFYQaAiwEaFQEQaH3YyA3NQaFFiyaFFQENIyMEAEMwQNIAyMwaiHQNy3IyIEaFHFYaiiQwYyNNyQiHy3QAMEM3IYYHHaAQYQIMHaNYAIMI33HQE3NIAaIaYYAAQYiAywEEQyI3QMwAAaYaY3IQMwMaIEFIHIMYYQQ3YNa3yIEHFEyiNHiaIAQFiiIQAEFHIiHwIIaEEYA3wIHiAIiEAywFiMHMwNA33HYiEHayiN3w3YAwAYMyYFaayQEEHNMMyHYwY3YHM3MA3YFFMyEIHaHAYNYAiwQyiMQEEINiANNEHHYHyyQaFaQEwNAIMHI3EwHQyAFFy3I3HMMHNwEMiAyFyHAwN3wyaFF3MQENHiiQ3yEiEMYwYNFAAAEEIFHEwaMiHMHyYFM33N3AFIIaFYNMAaNMyFaaEwHy3AAaaNyywIwHQIQIYHAwQaNwyAyF3a3yYEFIMEyYFEHAAi3MYYI3NIFEHAMNAiEYaiIYwIEy3NFIwaYAIAYYIEyH3NFQIwF3Fwy3IQYyiIEayIwaAQFYEYYYHaYaI3HMYAHEHAyaEAQHFwQ3FAEN3EQiIayYiYYFNNy3IAIHMQQNwy3YwFAI3FaA3NiywFyAwYNaHwYFAAF3HHAINAN3YEFQwAiHQMaHEaFMaIEQIIH3yia3iyHFMAHyQiNayIENQiNANMwEaaNiaMywii3HaFwMMN3AM3HNyMaMEQHNFIaa3iQAFMAMNHFINENAaF3ywyNQiNF3yHEAN3i3IiwN3AFAy3FyNHNwMMMayINIiM3HQiYAFiwEMMyIMAF3AaiHiywMMYwaM3Fi3QQyAwyQaawIA3MyaHYFMyiHyIMyQawNEMNwYNIYIEYNI3YEyHw3YAyNEMHFENMYHQNAiyEFFHaMEINIiNMYyiYNYHQwIaQAwYNMIwHYFYQHNFaiEHyaa3AQIMAEAywNQNQaEAIwINQYYFyEHIQwNEI3EHFMyMFiayY3HYiiH3QNYHYHH3HINMQEIQEN3NYMyAYiwHENiFYy3AiyFIwIyMwYAHEyE3AyHQMw3wYAYyiFQQ3IEYQNyNYHHiIwEEF3MaFyIEyQYQIa3wYAIiMFwHYiYFYyIEHNYYywYIQy3aQQiNNFEiAMQyEEyHFQ3FiwQIYaENFMYNI3iIHiEiF3wMwEQH3wH3HyM3HFMwHYAMaQaNFa3A3HHE3yy3i3aa3aFIA3NAaFyHy3EQEFANIiiMEQaMwwYIyEIMYwwMFEQwaFANyQAFiNMwEwAiIQwMNaHIaMiHEEAyQiFyyFMHHINiNEMIIawQEiEE3FEwEaIFNMFAMHAHAF3wMEQwAF3iAQEiaNwiQAiNyIyYNYHNwYNaIAMAHNNM3AwFANHANFFQYFYyI3FQQMA3QNHHyYMQwMNIFyQNiyMEyIAwI3N3IAQaFIy3HHya3HaMiaiAN3AIQIHQAwQMAYiH3QFMQaNaFiAMiyMaMH3yFiENawHEQIHYYiIi33QYENEAYAIF3HwaiAQYHMNwyYIMMyHAHwMQayQNQQYIAFHwyQAFH3NiyQAAIFa3IMAHQFIHFAFiM3EIQFNywMYHAaHwAFQiAaaQ3iwaYNHAAiAaiaiNIaiQMINFQFyiAAyNaEaHyFH3EFaiwyA3iNEyNEwMYMYYQ3ywiwHiMFAIaYHHEMHaNaN3iaYNQyiwQHFY3HNNNYaIyI3E3wNwMaaQYAFNHYEAAiwa3wAMEHi3iY3Yai3A3iAYEFYyYNAMMiYyYMHw3yaNHH3FFHEIaiwFEyyHyQHyFwyiAiIENHQFYyMiQIFMNYAMHMiMEyyEwAAiYyMMMQi3iQw3EaQ3Ny3FaEEawY3iQNi3YiQYNQ3yIF3wMYQAwYMQyyyaENIyENFAMNiMwayaIA3aF3M3yEiEFwEMHwwHANyYEY3iQIYMNiiwY3EaFEiY33wHAAEAyAIYEEMwyMHaEyAFHHNQAFEFQNM3H3IFEwI3Aawawyi3ywayHIYQNNFMiiFaIwYE3iiNIFiQE3wMEy3MHHwyYQMFEAN33AiMFQaIyaYHHYwaNNyAIIHEwAa33HYHIiQQyIMyyMa3FMYQEiQYEyAwYwaY3awHYawyEHy3YYa3aINyIHaN3EiN3MaIIAHMwiHQ3FaQ3yMi3QiaAYMMiMYyiAYIawyFwNyyNa3Q3MI33FQaHIH3QayFawaAFMYAMiw3QHFEHNIw3NYFIyAIAAIwMNMyiENHMH3yyyYyyMyiwAMiIQayAHFI3HIMYYYEEEwEFi3A3aAFFFHwFaIYywNyAyyHN3yAiiYIHIwiEaiIYiFYwYEiMNHHwNHH3FNyQNaFEIAw3FAIFN3QFyIiF3Y3aQFNYaEYi3YAyINEwNINIE33YYAEawFEaiMyHyiYaYw3MYayNYwEaMYMYi33yFHNNIwAaii3INFIFYwHYAiEEQMIiyIEYNFwIFENNAyNY3EFNHY3wEwwyAINHIQwwYaNHYwINMFw3yAyQYIawaAEwMIa3IEA3A3HyF3iMHEN3wyIEMIEaIwaNYEIIAiiwYFMHQwNyMwHNMA3YMYaQawwIayNAQMYiHMFMyaQQIyNME3MYiyyQYyNwNwIQ3QAwyaAHEiFiIEN3IHEMAFIYNiQMAN3iEiIaEywiFYE3aYaQMwHyiAIAHYwyayFYYMHQFaNAaMFaENMaIYMNyAYIw3AHyNIyHNiwiAFEIAyEaFMEAyAAyiIAwyMY3HMAQAQHaHaYAAAAFQAAYA3EAHHaaIiwAEHYENIHQyQEaQIIyAIQ3NEFYFwNMyN3yYMMwiywawiYAFEANaFHFw3yMAHMFQNEIQyiaYMwaFYEwHYIM3QaAwAIQFFiy3IIMHaEAFIwayyaya3FA3Qa3a3YHMYFYQHwINaywaNQiIHEQyYEFiYiYAYiMNQINIMQMNEyywMIaEaANQQNMwAEQFQYyNNYaHyEIy3NwyYIwiEEYYFNi3iFNyaMMyEEiHaEiwMIaINYFwAQAHwIwHNAEYMyFNAYQaQH3YyIiEQNwMIAQQHQEEAF3EaMNNIyEEEYywAiHQF3IMIHIywwQaFaMyEaQiwwEYMaHYAFyEwNHMQAQQyFQAAwEAHEiaNAQw3AIHyMa3MaaiiQ3IEHwEaQiwAyQMHHyIQMaAa3ywHA3FEyYayywHwiIawiEMQFAYiNIFEAai3w3YaAIEH3yyIyHiiINaEwQ3NaQiiQEiA33wYQ3NIAYYFMHiNIYHHEiYYayFQyFQiiaYIF3NHAHNNyYNEaFaEaiaiIwwHYEAAE3FwI3YiAE3iyANIMFNYHNEMIIYIFwAyiayaQENHF3iYQFNFwMN3I3wyAaQIHAQ3yIHwYwiFNAIIHMaHaMiyNQYQQiaAMEYiQQHAEH3HQQiF3AHYaEMaQiIHIHMIyIQMaIwHHIHaMiFEMYww3y3QEFMyNQQAaNy3EE3FEFMwIaY3EwHHNQYaH3iEMA3F3a3M3QEMHIEHQYNIH3wHaQ33EQMiaENNyIFFaayFQQIaNYQEyaMaNwawQHAwMyaYHwNMNaINIiYYiEEYNiHQYNAFiMHHHAaIyayaFaY3MNwMYyIMMaYIQyQwAyAaHyEQMFNHIFHHaMiHM3M
