((((L,X),(I,(j,((z,B),((1,J),R))))),((r,Y),(b,o))),(((E,(O,y)),(s,(l,(i,H)))),(((W,n),((U,a),8)),((h,q),((Z,T),3)))));
