C03MXFHwDdrZkh2eDdThF9Pv3an62Q9XPemF_26_r0IQ0TozWSRRHWSvMkPoIQv1NIn0mkAWZAZzZrrIdXHoqHdRmDQkCa2mR2hWkW2zqMWFqeTDDFZIoo6SuTIDr8A_kDWvMXA1u9rqNZQTQm9N6rSMDRrA_r_RDST_ChwahXWmkk_HnpANDAmhCrSDNz3HSM1_MrH9rzoM96R9e_Z1vXuod0PI9a9N6qopuu0azz9u9NRIQqIQT2QZ0R8Tqu0C_9DNDCMZPSFSzI0wh23r1SkhS8Fne9eRkrddrT68ADN8ZhFhIXF9qqZ1mnzWo3mDnRCNFXNqkwuA9kHFZpw_21RRZRAPSHwSZ3RC8qwaSZC_WS_TPvevkeoNq9a2nuSzmIeMke8h0nWaT0awuX8I_z6dkXMnFeF_dSrzW6MzrzeSaddkTWRuZeZm1FRrAkmNuQWDeHI1NQzH9Tdk3QPh9PWz6o_1MINdDNkH3nqI0ShdTdTmwpDhrum69WeHXDrRv8zIu1A8mTNqWozdI_TNv1ohC1pawrQXkQh_hSNeZpP3oAvrTuuQ919h8rZvH8ZTezXwhCRwWFzqe16nua6uIM2eSaqHevSe2hT8uPpM8qpooM_qXnTARaHv6zoq8TuCQwz6WXQH0XwSm9re3I6opI9uMT0INH6RpCWrh3R8pFn6vDSR_nH08RFM83wDnFModrvI8XaQAT6u3ahm3NDzCQR0v6haR911HW6C0vpoqWkWCZR3m9e2rAZSwnrrSWQH0Hr3wX0WwvP6kdeuzS_Pv6T6kCTFZHI_316IhAQ6_oNP9NS0_1dAhWAF8koAZHkR8pr1wDzFweNa2QInQwXAIS2S0IveakXdzAMRQRSukHzakdovv3w6_keQ8o8M0hp_udQ88mTIDH9ppuquZ93Sv8uMZImkzMqr8ev0rnnwzXdz10pS1M_dpeTFm8rr0MpCH0eh99r__2ZdzQ39_zP8S1uomuSzoWZ3v_A9Ppha0rv38S8ZmA313XAddPTRdnvNWeznNdaF0pzX_wr1NMCPXFhh3Ie1NPnFSdu6ur0m83k2TvAAWDh3k6h_Wk2vq_M860nH2Cp_qA9hrAMWASp0wCQrrX3S2eAu9uqm63PSRrrmwhr_w2QAmon6wwIrdD9ZSFu39WNzkF3eumnXSF0op8a_0CraAM1RHrIz9nN6MkNMNAuQQXH2DQWSkoNdd6SmAT_kmqF2WdD8eSqPwup28Nq1k20_hvrzd1_rw2HC8_DC6_q6F81vpnHmvevF2o_QeTWRNr9MFCSX__NAQuo6ZmM1udrQX90o1onwkdHINHnvXZm2oZA2u2Wu9o0FRSmoSdR20IWHDIvT1QSMPh_Wm3_8WQQ8AQ1PrmwRQ9CHFTZI26C3k110WWeSQWkdzD8ra9k2QmWhAQSMpHNz0XdkTPDI3uePaP1Ca6v0rhha6WQoSwQvr6oq_qH00RSM2oHS6Dam_krTZXD6hC_pAupqr3Hd229p3A398MMu8CruDzh910amIWHaeFzdRAWT0XwdwD_CzPIZTAMuDdv698XrIwo8QR_ezA6_SeAHWZaXQ8SaenPNdpRN9PCRT2S8WA2RFM3zoNNzuuMXZ2kmIHzZA0XpC2Nd1aD88C3NCd8ozp2MvuDk0MM3nuW96u_XmrPMNzkA1aHCq00P_0q0zRwPZm22raA3P6k2ZkdA2C_qeHZ6Mr6QT6PMzmX0r_h363a1SzQWQR09321IdurPNSWrh2HFRA1h_v0hQ_1rFXhM8qadeANoke2MXSCT1NXChkvMSFP3qHpuudRnqSArorApMWIM0PhACRpTIwunwdvuTIoTQoMkQIkCPpZmHvZQIvDRhTDRv6aAhSSd_A6QFrar_Qzeu2S9STF_X9zCNrRTHRh368Z3CAAvoT6zH0RD0ZTrD2Rqh_ZH8muWXd6_rwzrQPmkmDnSd3wzmr6domwpRhQrIv_mzShT993rr8IPdzSCnhIQCM0Impa8w3Tw
