liCCa7KWP7K77TTWKHsCiTalN7F7saTilKLHLFNCnvTKKKCaTliaiWKNKaF7WlT77nNWliLHPl7svHNCaCNHsvnTWnWWNHPlFvavKPsnFNLnH7TFKHPT7PT7lFWlsaTLCTsPlFssaLCiPPiKTTWKsCC7Li7WLKlPKCTaa7PnHiPFTlKivTsWHT7aLsTCNLPlHnKaLsPHiN7HiNniiT7FLPTCKLnsWCaiWF7Fs7LPCWTnnaHTWvvlWnilNliPTnW7vHsaLFlaCLnP7LKCWLFFnTHWFKsWTalTHLvHnnn7TLnWPPsFn7lLaTFnNTnvl7FTCnCCvnL7LiNKKlCPvHaWHisiaWlsLLNsCvKNLFsP7NivH7PvCNaHvaK7KNWCCKTLTHaPKslalvNn7LTFF7LTPlniiTv7LasKniNiiHLnvnHaWsiiNnasvFPCTClCilPlKLnKKnHCKCCTPFWaNWnLCLaHNaWCsLT7sFllLNnWLaP7naannviilLsFnTvnlCnlLlslPHWvvi7CLHvKiiT7CaNiNKLiFvissLTWTPKviKCWFCnCCiiaF7PClKHslNssWaKFvnTTCsCHWFWlNWKnHvFvN7W7TFTLiTNNHvClWLHWWL7vWCW7vPvsvHNavlsiLTHiTLFTllWPanHHaHCClWlHvT7KslTPPTCFWnnsvinLTsF7vvaKL7NvKiiHPCNWWnaNFKnnCiisaLC7HCWCNHPlaHKsLlTvL7LllKTiFvPH7CW7FH7aWFWnsWvaHTnLHNiLNPFslWCvlaFiPCKvPNKNaiCLnF7KHCvlLNNFlKlsNCvv7PKNTliPsnlslHKlasHN7CLvNHnKLKilLN7LvsTvFLKCnvKHnPTPiWKlLPs77visWaFLnCvnPaFLanlNHTanNKiKiaWHFKaPWlNKPLLnFiaLiTTvaLTWaNCaKaTHHFTlnTCWnviFlaNW7vaN7WvLNTlCanLKPClWPCC7WinLvLnv7CvTKTvvTaLP
