I4xmxQmwidsCuYYNAOK6n5KWHWIdYEApdEcxv6xYgTNQgwErqWmObwKiqOUqYsNx1dqFUvOr8gimqTwVqOUx8dKulYIw6Q8KnVlFmHlEUrI2dvNuAUYuq8EsNFiFFHTq51ci2OObNIN5vOduOE2NWV1mKUlKnNKmxpNiIgvEbuuUq4iUidrYlTluTw8mcgUlUE8CiCFfAq5QvNmr2UdNC8TEK81p8YfKEmEGsFd88AWKCwxb1Y1Q6ggdHr1fxx2ipmsnEOuAmdUTNYsbYVAlpfImAxmFn8wnNcqdNwHwvbrU4QYpiFUccmcAWGOW6rHU8TfAY84Wu8NKgGVIUTIqY6U5EdEEmr4rQ1I6rCdGiTr4NxHmuwHFqmHWx2rrlWA465gnTsWNQw1p2igNOG6sGEgCcvH5q85sb1fGOKN8OH4FCQlnngxTxp5dK2iVfiCrpv4Wg4OumWQQY1fivgOQlmEr22bW2bGQmKYOl2s2rTN2YF5TrA1YGVl4fV25E1cwd8s8IpI4WxwITKTI8gmmqOHqbwlp2up4FQHxw8VOiYiTIAfwEvGdxfwrH4V5K1V2nl8NrYGUKW4sciNVUrfbwuAGsnsQ5n8iUbFlxGCV58fNg4vVduWxAQn48lGqbbNpAQ4fcspibKVON251Y4TiqCOCQK1EN1IGEduNbfcFHcxqKwvK6WOTOEdYAFlfxdm5ddKNTgv5nx5xG4FnO5QWITHmlxAWx2YpnvgWGbYiFiUmIc2cgswp2EuKgcbQrwUcOW2KGpGrm5fqQ1l6lTU1V4iwgQ1nQsWH52csNOdgg8g5KOFr6qnpi8N8m5sbcrfdcY2N1lOY8fxKmQ5viAQFwxFQIENIqrH6Ylb528q8rlGwug8qxw6OEUQiCbpHTggOgT8rsmTETEmY1Ud6n8glrcrpYgOW1dTNbuGrUiwfnVxupfUdpn8UmKrHbfUp5Tr2fdHEn8l2K6T2Y4pn6blfFlNcF4EKVgNYmVrU5gifKCGW2nTlv4rET4r6l2KOg8cKvipxAAgWQYfil5uY1wpnWuEi8KigIVnIsWn1HN1sIccsib1bYs22TqOE4EgnIWOmATYNmFbcVQAd6FxE4YOw4dfTCKNrxWs2nNfQ5IgCwUOWCYqG4FYKGmvqY1rqvOlxTHTf5mEQdbFwcsNqCpEQnqEriEWvpOrTbKOYfOqvd4iuqbGAG6b1GIWIGfIbscElGq5m1QrnupQnmKAE1HWupOKrQEWYEvNqiWr86QWp4rWG1qvd8Hvgcv5TcCrHs2dKuqrq24mEOWEuNAAl8cvICCgVf8EECnF6HGfxcKWTW6f6EGd5sYcQNfYECWn185b2qFI6mA85lTqVWsYTsIwic1rf6uK1E1dTTCHcHbACEvlcEfc5uVrEC5rni4Vbs2IlxvvQHgAvvpVgHmpn66I1FdW6OqfFf6sFdmIW4l2dbAQV6i8OvTrKc5H5YAU2lA25Kdb2rIxWcuOmA5C44GTFCdl8mK2F15rnxW8vrHWbUlswI2pbApWdF5HWmnWEbFVnlpxEOviCqc5xc82FIHn11UiKFbArU4KKpOniA6nfQWNHF645WgNdfxCnv8vIFEiKgK2dVgTUC6KWV4nxrnA41OWvx18lKwA1WqCFiCwKdpfFVFQ2IbCmc2HcHAYTWWc2VANsnKsrmQcGn6Ygc1HEm111ibKvCdEKTs4uV8E2rOCrnruONGWIvWOF4snCIViWiw1q6icmp2COHmKw8svUcFEwbifEYWrNrd1wCEwuf46v2UpFGiQQOQsnrVfsHmVubbswun5vsTKKcmUUnFflsmQTbVGbd2EbrGgs6F66wWcpcTNipEf4wwH5gvTbAu4i6xnxQrNvcm1GdgIEpNAlwdGEEgqbKGxFEmQW1ilqQ5IfxgWxYKmQvcICTGbw8u4TCrcF2qFvEil8lU6IOgGicmNKx4NvIn1Ac4iAinvCGcfYf1brCFii15wddlqdUlObEGiFYnv4sHxKF2sClUI4Qs48sFWWvYTfYgmGqNdE8QW15xIu16fKOTbfGFp8Kcwc6KKbTuqrurEuxwCmn4UmWuFpqx6VnOu4Ed5nuITwb6sFbfQsUUTdbFYdNsWu4148vIdEOCNH8fGfmQ6Cq5dxV8nVpOOmQT5Aqs1Q16s2qnIr2pnWHlOx45xQv44lcCIQWp54gsAHTrpqwf2AfxC15lUTCQHNrWCiA4QCIIiUx4WT841AIKnuCIGE2Wvfs8rwdrbVWgYcbW2QqgFu5qu84pEGTvKdTwnCsGWbFvgddmO4HEFFQNqEEnwYs2xllxGQnmWmAmmOmdw6i8Tq64c81bCi68TlUrfOfguuTvwiO4Vf4CIpA8fiO1fOvirwO6bUYn8OciY5uqncT1r5TlVQmW2TuVixCbdqcHsHvrggEb8i26TF85KuYKOuGn42n2F21vYpdF4AnsCwfH2Isd8vQnK1mEVbGGu8drdU4pGW6brWW2cpY2brK6U8lQnKYpxN6VEsqWUfs8AAOrmV6xrnpI42vHir2vrECsr82KFdF4mdb6nCurq6FswfOGqqKfHisQcWCU1CO8bdgdE5AqpsAVrE8U1ibxxWV5dquusbcs54C2ObpNT8CCQgpA4ANsgpFCi14QYm8TC1Awi8bmFs1pHwHTvIfsCwGYcmnUpnqF6WxNqfqVTIcNHNH2nAm61pbvUvvQUN8GVmcixwbuwnniAUu8fl6q6cnrO5EKQfTEHI62TCKd6TH6FF5Ev4FNuGs8pbYixwHYVYEwTsl2AVmsrFn6ATHfxYcCKIOqlxHg61YWvTc82OsiTAQqUU6gmd5pl5HdIbT4Q8NbFnwUxsgEV2YKV4wwCQf6WV2ubsEdiA4UudNxr1cfv48im4ssGnxifpxcTCKcITdTF1lqFOg8pig2Nucm84ACENT8NdNTQA4EOU2fEixiEvYuscNOxNvTA56xldnFIQAQCClisE2cipcNE2dcWbxObVITV6u5nwIrF55in5WKEYmKms1gCqwxr2TCps1vc8dN8NWGw25CqHNd8N56Nnr1npsr4gUd22fHqGFdvUIiKGVqV414TbKpqOsFGuWCWscVAUw4IvOqIHH42AHONlI4QpwlxqUmldvdbTqbWiEr6xvuViuEf1qKr6CYbnG6G88Owqrs6InAHQGxVlnNpiUNNbFKKUFFF81fOTnnHlFWCCVqrdxvGY86dCTvvVTwATIHiKxEKfqOc8vCigfc2rfpcssOC624u5H6EWKCvIUdQIAqxxvTbN55vYu5wVqNE2Gq6mTrFKbl4qWEFdWdFCTlf6pdTG8fVKsFVNfFAfwr8ErlilEQrrgIbmqOiWnbNUC8H4srCfHc8rpfNmvnHTFOdcnEHg4W8QTwvv5w6s6rWVmiTfTncwfqIl1iHQr54NnGvxV5GI4UsuUQm61V85vNgOcuUTx6fAg1C4UfdbOiuWbvu2VqsqvdsATdYnOfu8qWCQrEK28x1sY24FpH8YN5nsrs1gOI6qInE5x6lrgIO6Oifsgc1uudFEFV1OwiGQr2vNN2UAndic1Y66wIcNbfUYCirwHErHclI1w4dIdnqdWEcfrgO1VqspxTscEuWO5v5lNwwAidOsFnffI8QpV5KIWVWqCm4KwgwTiidxuxIf8FFg2GU8mWwspQCqTEWmxEUf16bWOx4b5iWmgrfGxGO6xnvmClWwf1GQYdgArKiudFNA4Vr5EnwnTwspIC6NslQnfqbIF2EldlFTHbcOmx8QWcEwnmHxdmc6AbITfClWubFnNxUgUr6sssllOTOxIGNwUbFUlUVVb8gn4lbvpdAvUbW4TsdTVKsWEdiswQAcx5Uq8OsCmYEsHVpUTTNwxKxsHsNWEE1cNlflgEx5cWWIA8Cig1Qd4Huxf81pnmEdQvTv2IgQdmWTEI2fnTvviYgm64m6C2EfucIxKTugYNr5UuNCQlFvFWEvdgbONY1giGCb6uUTON8EuprmrO8fO5qlsO5GnNKT5sTYpWYwHxqFWHqvKQmvEEgbCsYAIxf4W4EF1C2vKGTcpsiAc61wAcq4NIUrH6W1xU5Nnii8wHQr5CEEITH2rnrUEwuOYCpIEV2wgf2VWc8AE1isUYqfd8Onxc4gsiQGnwnACvFUWCY5IF1Qm2gn25Yf6lpvdA6EmA8E2A44FqlmYwVnHrmdwQsFbcQxIciYmNuGUO2IdpmdxcQ1UKnnlQCwHpIQdv6nQQlTqIWlGAYWi5QIv1lFsN4NV5pIOuIEdUulnC6lgx6xqpGKKN5OsWmwllp1gu4cmldNr4pUn5lKpq5YfYUCd5NTYuwgVK46iKlGwF8iUdHcCGYpTiOGUWm65nFpn6qEc4mH2CcIv1HHu6mKnFY6bUEGp1Wp8qFdNfq5lssfV12W4TgNCKcOdpUH2qid2GdsNFIp4fKUVpINVCqVlFsIiV4HfY65QlwsHl5OGCEY1VCK8mYgAGi6gipNfYVOmQVUm61HO6Ti4vrYpO4u1U2YrlY8GpmgrcINpmHYVfid8CWvcIpAF4r5EdKwHG5f5lAqnY2KUfCmIfvKlHmsVuAY6sisu55i5iAAA1pwcUixlvqWWUrKxwHTqsAUUiv6KHYwxQG6bxEnWfU2HUCCGKiivOufsxYiKWqiNrQiFff5qgx4E4YfOwxiqsCYAfcKn6uglEVglTO6Qpq4FVV6fmEWgcGxvgbn4CnWs2IbVFGGdvrYAnF8uuEOWQpwnKscmbTOsmUxx4V56YbwpsVYEddCCuGImifxlVIsU2QvgcrucpmqcU5TE5fAOuK8QKV44VE16Q6nGgWcAFpF8w8cwGdH84lCQvvxQfrA1v2d2bFdN88xxxKTcquNuYcdNCbU4IY4QW515NxqvUi4ApxVC5gcGVgKEOg4n4ndAVYgxIndpdb6ngvpdxVK51nCK5cwdvA1I5H8dlOb1iKwAcvNxGqAsKbUsVlCg115rmNUnwQNHUfQKpiU6qFHmbw1cUIpCuFmmEEYmHTTNiQGd5xxirTgmpg45EiQpwiqHUNiYirx646iFbYFpKn4dGCggIVbvIbui8YUwT22TY1m6KHqsu5iWrH62brIFgw8cc2cvKU5xuuVUGmisng1psd6iqUcu8pO2Q6IOmIQxuruOIldKdvmmiqxOWVnKGFIG4gFNOcwgWIbxAEu2HcWx2Nfp1nsgGsG1fCGpbgU54TnGwpE4YdV654pEWUHgN2OWl8O6YKd4OdCgWwGxgE8VdbiTnnEQw2IWWmG1K6g1rK4W2gnGEiTNOTNGrFs4Yd2bUF2sG4WxIQNdrbqiHKQOTwHEbwxuAc2HfxAWNnWb8FxW6HOAscr5irICW4qHCfHfUAGnGVldT28FgQvvbv1FniscTumw2w6fWWUwNwwxwdnvrpdEgFYIscHs1Cps1d2Kp45q2QlsslG8CWifCnOQpKEs5Alc5UqwEQwvCf4652qiWvnAg2dEOb1Np5CCFw46IsE8rY6VFEwmxCcVNnVlEAg4pEcEpqdIsQqNrfvA6bHYFxUYTIg65pUmmG5vmWQ5OEUiQ4G4fxQ551uqcpI2FWcuVqxUfwAlETliWciU18ndQnFmTImnQFcbxuWKdNvIuK8NwAVCAVCQrQqrVlfsO8sWVUWC2KOb8bsTKnFGTv4wvOYNpxuGvmulpsnKf1HYF5QHETG2lwW6di5iiqFq2xdOwg1FNqxmrHE1wlAYgOwI1iqKcrQcQVfV212Nbp88pdlfu2fwfqCUd4iTnwTb6Kd6iQnY8QKsW2VdcmmY21EHIAwnHprKWTlFWF8nlNgxW6wNpKFUKpcqpNlrCCCcuH1nWdOdigwIHE8Tu4pnsIx5qUlAIfgnqKpVnwcqNrWCvfN5QumcKA8nIqAfrbfsbTTTfdFN8l6UNd4nwxN5lKUHVxWm4sUgfcHdwHcVQmNuFN5pOFn5UYg22HYU1iCxFTGcquuiA1wbTnHuKq5swuv6mUcug2IWqpsmIxVGHQ68bdmbi51O28bGEKA6VxTQvlmgrf2FUFrgOvO6xgQrrOKuspFgu4FiwU4HWVfUgxCxscrlCN5mFpFi2uiQdldAEbWbp1EuUHFNf5GxcgCITqGlmTAvQ2nqgqUGVrgNlf2c1lK8Odpqx6OQV4CVKGmbYwAx2sNwpmNCs6rbbCQgO4Ow4cYiNTHfYxAnQug6v5ggEVAnvEEvUC81Yf1unpONQiU8NH2muiVu4cp5mdbY1KWlpnuu1iNVO8pxWE4bEWd5I6x4sYmxb8IsmKEFAW4I562qEWr6Wc8FEunWAc1VqdGiIbTGYUU1pbmqOAfrxr2w6GWAV6mYmdTAYmiqUNUgwis2bpQ2OTKplWcGluwIOiuVWU4xpx8uI6C1CIpYssiVYOE1E2EQVTpNv2bIqCECNlsGiAgNvCFFQvTg6HbQq86gO8KuxsK2YVF2FENAGiHn4fl5GOvIGIdbwK4x4vEgHgurIIb8ulFICWFCCfOppUrNsiOmI5mxbsTfQ85c8dW2UiHOAUix5VAwxrGi1fppvCnQxspWrKwi8QNfffFs6OUGWgIIU88fsY1GQWCEH4riTcl6iVNUdGYAwcb4CvdvWEvGunUQcwWnuCC4xqnpxNHudCbmCgm5TgYcvvdOYCgGWwWAlOVTFYbA1vNIqE4xg5Tqs5mHQfnE2vnWsdKCpTubAiH6UwVsngYbw2HmNYm5UFWg1cn4I8xWAVcpx2O1QpIUmUQ6sbnxVx4ClUxul2mT8sU6mp6NwxinElWHuNE1TrNFfng8UWpWQsFc5nxGwclfsKHsO82n1nOgHYbcuIxluEnGrQqfndmgwUpxdi1dfAc1mUdWuAmgAfi2Nwd2HKw8dCE6dbGFwAY8rvW6l1UEnQduTI4TuK4mds6N4Gdll5q4QrlIsFnrNOgfHqYxgbmAqIUVIuA5bxFbcWFvG5gwmdYGmGcArGVv11GGYICnlTAA6lGpInqYwq8b8AHdpNHd6qCpv8l4ulAlw28AQFgKu6GxWwOxNYOGAcnffOTOGls1gfAcsUNuxxGimTwnnvNCl8I2dm5bGi1rscYs1WrgAT6xrGxQqEGlIrdrnA1Iwdrmsp2fdVGNO1GUEn6IAlppx42fNcQOldup8cnWmFrAvKKNEbT4OfT2CbNKnOb4VlCfKIWON2crGv5KlnQpCG4xw5O8bgp6qwOqWT6xnT1ngG4sYCGYrYGi4VGlbAQbNTsNTWl8imqmrCWIsWxEr61Q6TlIvriOqxp8xbVWqv8lFqAqf5rrKp2idFuOlgpWuI2WvCgniu8c8GfuHc4Nud6EnKVAdNH6qxmHn85iGAipxQHQKNWrFNmKOc8CHxmCrcFHdEdUrqgE5rw6lpgGIc11qIs2GGWUGOwfw8GHmmGwvAl4Yp8xxG4TO1K48OTcI4sYHpHVvAiicEiN6cf5NxmqwNYl54sCmw21b8cN8GvwqQQ5G8uIGHfivOTwGK4fwxfTi8YIQ8EQHwc45rdKVcwqQnGsfiEqCEpdIfiOmcIO5UK6iOn2g8cAfwUq8lmTGvFg4H2Ef4liUTcHKIdl6N6GgCAVKF4GGv8cwH6Q64Tn2GAn221GV1U5uqrHAqV8QYdNOcAWU5VxCYVxHcE2uxluUNpENIFiKUV6HI8AmNKCdbdgWwp26pFAiVK4wNrCTVQgIUwcYiEKr2VWVG4fWsu4FnEcrdcGWmTFiIFK5NKFwbmE54K5QTxYsAg5Fs8wAs5wIKFHrHH1882YWW4NwdpbEdHIcKNAfOrKgVrcN1N1mFKUqbvxpKlsFVvgxcCgmrqYENI8YsYr2gQ8gu6u6TF1HqNrCW6V8ibinHFIrwxUqqUdrHlnTlYwEd8cniVdblqd1G2YCFul4NfqsUxT6EOYTEVs5s2EOpgVvWgOrCbfrwQF1gWmqwNbxYqdOmUNTfVAWfVNl458QEpOmFH1dH8xUYCqlHnYTlG4sb45N45YsEiVOnrKOF5QUUbsdWbWpKVrlOgHHGxFfnHqcTrmbOlncgIfdHVqKmrF1HOC2iu5mUC5OpHmlW4crOmu15fAc5V4GWnQpWvu1Tg5ErEG8cx2CFrfQOw81TYW5dTfu5CdFFrxnpWcYUVb2Txn1rxIudUfU5v5N6dgEqsHlxbxGWYHOffIfuuGm4qQ6FfGx61xv5Q26clN6iiu5upUVq42p2HfQvgm14UUndCpsQnEGsTTdOpIxUH26nNIO4nWWiEmq1FvOnrppCGIOA8FwOd5WKwwHwAKdWw6GxdfKfK8r2AHYQHT2Wur2QxQQmHbcVmc5x1KGT1O2l2WvFcE8fwp6vOE6ICqHTYVwmIGvbWpnNOpqUlCIQcK8pqOWGQm6TgGNrcbVFuW5qbqqW84lsUuQxYU4wHNrvOlEn215pvpfGdrqWU4T5iNq4Y1Nbl46Q8Qgv4lqFOKfsbxA5uuiqUqbfIpOw4EOAnTqs1lFvvNqvEY1scnUGldpI5UimTAW1HK4IGIb2cFqfiWVmWlwgW5WTpFYsVKOwH2gcscpUnCNV2iiqmfidmn2vKCrHiwCGGAp2x8TNQWFCOginvF1n4HmQETV6sUrYi6KAHvF5xA1UC8Am4uddTu4fKEUwF48uKIEpnNKfvsGg6GrrCKHvCQw168YfAmCGVU1QEC4H8nncpffr4lTAVfndsQWuVxgECfWNIcmO46nWQTEnWxwcAGivbiTWCsQIiN8s4b6FK8nmvKHubE8TbUOrg6mnWqs51gvH54T4HFGcGOTnfCHUnTVCTGKgx1EGc8Om2vwwvEpQV1OIbdqVsOfFAGC8dUsVT62ud4wNufqdqmgr6v4i8c1VuuvVO4KuOmYnllifrWKNpnr1rFArVdurHrwmd8vWIUNT8GmKvs5qWAnVTmd5UbwrHTHxvxuWb56GcW5gvKrf1nW1cQUOd6HTOEiOCw15lIvUfgGWTApqWbUFWYxw45vTEYUrTpGVUQurpbvv2Q8qIYOVHFCgfTpAmdqwwnvmg22dngGxq28QKYWsQs5cWgFilUHnmfHAAx22f6GxErliwiWI1p6rKbiAiEKcbEv5U88s4CbrqCCxwsrmq4Uis5H88CQUplNWum4WfH2VdO56HiU84s5sTfCVmfdO5vd8OQA1EdOUIWIVUirl5sQgin2NdrE56QI4lATxQvrOYr5HOFYqAsiOOYGiVWlmqwsOFQ1ifbwHGcsK1EGflIqmffu6rFgdWCYfVnbxF6AAmcHm1vAqiv6E1UUdUgfIm5us4vlwndHNwV4NFdiv4FiQuKGnNId1FrwpFqlIG1nWNfmC1G5TI5qdxv8rYvFpTmIxbsOUK5pTNUdq8gKE6vVwCum4b8qg4vdVE4nYQl2IFlGpcniOn41TsTxAfdguTI8x1Qq2GrfGFb6AVVlfqEsEvGF5TnqlvHTlmcTNAcGuAwYdQmEsNNKwObpgnw5vNEwxxc2QxxU6q6rcbEKTHIExf4cmNrnppAA5pnbd2Es14pYFUOblnQWIxIYAmrNsYci6fAf6g15mqGNQcvIUdQHUsmppOivgG8F1nqp4HGHTTmcbrVpfFKd5VmgEUOWrF2fxf4qglWUNAWsFpxHs1wFfdKvudp8sU6CKQ2YCiu2IEvC8vfbIECENVEnE6C2cu5umqQqgpViAnNQsFEHvWifKK2irvpNmcxccQcvEnEV62qrUguGYlcNl5OW1G8GKvlpUrFN61NvifwVuQEqb55NmWlWqngpdIp8UNbi1NWp6rrNI1nps2TrYmcIcx5YHnfEwQ6WnA5lfCCHfNK1un1rrcnm4KCiNQUWvHF6m5uFsvNlwUN5KqV1d4Qfsuu5qHGN2pw8rW5UVgl4ITbufs4wAuC4vVxC8nrI14N4nGUiHAIbOI2YEErCV2sCCu2sc5fr1inT8u5CGGQxEwqiEdQg48b6W1wHIbOp6i5FfF86EnNTYqGxQHCbui2Evs4nVwY4muWcVW62C68mqE8ilWFp5FYd8Y4AfYgGd8pG8Cnn1NrwO1QKlbIUpI6Cfrd28ursfG6UHFxGdQ28CO
