(((m,C),((l,(K,(g,3))),(q,(a,p)))),((U,(7,h)),((L,0),((R,((A,b),4)),k))));
