yp3uFRFaPyr8Rg4gbPFPFpp8a3HpvRyruuuRa4PbaaPvvp3a4g
