c 0000
d 0001
h 0010
k 0011
m 0100
s 0101
a 01100
b 01101
e 01110
f 01111
g 10000
i 10001
j 10010
l 10011
n 10100
o 10101
p 10110
q 10111
r 11000
t 11001
u 11010
v 11011
w 11100
x 11101
y 11110
z 11111
cost: 1738
