h 0000
i 0001
j 0010
p 0011
u 0100
x 0101
a 01100
b 01101
c 01110
d 01111
e 10000
f 10001
g 10010
k 10011
l 10100
m 10101
n 10110
o 10111
q 11000
r 11001
s 11010
t 11011
v 11100
w 11101
y 11110
z 11111
cost: 2175
